ModuleNotFoundError. CatBoostModel are skipped. (optional: maybe installing CatBoostModel can fix it.)
ModuleNotFoundError. XGBModel is skipped(optional: maybe installing xgboost can fix it).
[20]	train's l2: 0.982699	valid's l2: 0.997515
[20]	train's l2: 1.30196	valid's l2: 1.01143
[20]	train's l2: 1.26018	valid's l2: 1.00781
[20]	train's l2: 0.982699	valid's l2: 0.997515
[20]	train's l2: 1.30289	valid's l2: 1.01163
[20]	train's l2: 1.25986	valid's l2: 1.00768
[20]	train's l2: 0.982699	valid's l2: 0.997515
[20]	train's l2: 1.30336	valid's l2: 1.01143
[20]	train's l2: 1.26126	valid's l2: 1.00798
('The following are prediction results of the RegimeHorizonCostEnsembleModel '
 'model.')
                          score
datetime   instrument          
2024-01-02 SH600000   -0.498656
           SH600009    0.120731
           SH600010   -0.364787
           SH600011    2.015936
           SH600015    0.601333
{'IC': np.float64(0.02273643860384501),
 'ICIR': np.float64(0.16397750864958374),
 'Rank IC': np.float64(0.020371068356493858),
 'Rank ICIR': np.float64(0.1409062042515624)}
'The following are analysis results of benchmark return(1day).'
                       risk
mean               0.000666
std                0.011468
annualized_return  0.158446
information_ratio  0.895557
max_drawdown      -0.157869
'The following are analysis results of the excess return without cost(1day).'
                       risk
mean               0.001053
std                0.005445
annualized_return  0.250645
information_ratio  2.983932
max_drawdown      -0.058289
'The following are analysis results of the excess return with cost(1day).'
                       risk
mean               0.000878
std                0.005446
annualized_return  0.209051
information_ratio  2.488020
max_drawdown      -0.061320
'The following are analysis results of indicators(1day).'
     value
ffr    1.0
pa     0.0
pos    0.0
