ModuleNotFoundError. CatBoostModel are skipped. (optional: maybe installing CatBoostModel can fix it.)
ModuleNotFoundError. XGBModel is skipped(optional: maybe installing xgboost can fix it).
Training until validation scores don't improve for 80 rounds
[20]	train's l2: 0.991307	valid's l2: 0.996408
[40]	train's l2: 0.9876	valid's l2: 0.996495
[60]	train's l2: 0.984561	valid's l2: 0.996699
[80]	train's l2: 0.982074	valid's l2: 0.996951
[100]	train's l2: 0.979478	valid's l2: 0.99722
Early stopping, best iteration is:
[24]	train's l2: 0.990499	valid's l2: 0.996396
'The following are prediction results of the TreeCnLstmRLModel model.'
                          score
datetime   instrument          
2024-01-02 SH600000    0.378668
           SH600009    0.886357
           SH600010    0.359502
           SH600011    0.650898
           SH600015    0.723614
{'IC': np.float64(0.021590644238433467),
 'ICIR': np.float64(0.14285474005808377),
 'Rank IC': np.float64(0.020766300581650445),
 'Rank ICIR': np.float64(0.1248378572117335)}
'The following are analysis results of benchmark return(1day).'
                       risk
mean               0.000666
std                0.011468
annualized_return  0.158446
information_ratio  0.895557
max_drawdown      -0.157869
'The following are analysis results of the excess return without cost(1day).'
                       risk
mean               0.000424
std                0.004960
annualized_return  0.100848
information_ratio  1.317834
max_drawdown      -0.065237
'The following are analysis results of the excess return with cost(1day).'
                       risk
mean               0.000226
std                0.004961
annualized_return  0.053768
information_ratio  0.702572
max_drawdown      -0.085492
'The following are analysis results of indicators(1day).'
     value
ffr    1.0
pa     0.0
pos    0.0
