[20604:MainThread](2026-05-05 18:35:21,805) INFO - qlib.qrun - [run.py:78] - Render the template with the context: {}
[20604:MainThread](2026-05-05 18:35:21,816) INFO - qlib.Initialization - [config.py:453] - default_conf: client.
[20604:MainThread](2026-05-05 18:35:21,820) INFO - qlib.Initialization - [__init__.py:82] - qlib successfully initialized based on client settings.
[20604:MainThread](2026-05-05 18:35:21,820) INFO - qlib.Initialization - [__init__.py:84] - data_path={'__DEFAULT_FREQ': WindowsPath('C:/Users/15728/.qlib/qlib_data/cn_data')}
C:\Users\15728\Desktop\Quant-Master-Research\.venv\Lib\site-packages\mlflow\tracking\_tracking_service\utils.py:184: FutureWarning: The filesystem tracking backend (e.g., './mlruns') is deprecated as of February 2026. Consider transitioning to a database backend (e.g., 'sqlite:///mlflow.db') to take advantage of the latest MLflow features. See https://mlflow.org/docs/latest/self-hosting/migrate-from-file-store for migration guidance.
  return FileStore(store_uri, store_uri)
[20604:MainThread](2026-05-05 18:35:21,846) INFO - qlib.workflow - [exp.py:258] - Experiment 880271508895147360 starts running ...
[20604:MainThread](2026-05-05 18:35:22,450) INFO - qlib.workflow - [recorder.py:345] - Recorder 9ad1e6b42c2445a1b9e00fac57a36184 starts running under Experiment 880271508895147360 ...
warning: in the working copy of 'qlib/contrib/model/__init__.py', LF will be replaced by CRLF the next time Git touches it
[20604:MainThread](2026-05-05 18:35:24,755) INFO - qlib.CnLSTM - [pytorch_cn_lstm_ts.py:51] - CnLSTM pytorch version...
[20604:MainThread](2026-05-05 18:35:24,808) INFO - qlib.CnLSTM - [pytorch_cn_lstm_ts.py:71] - CnLSTM parameters setting:
d_feat : 158
conv_channels : 256
kernel_size : 3
hidden_size : 256
num_layers : 3
dropout : 0.1
n_epochs : 120
lr : 0.001
metric : loss
batch_size : 4096
early_stop : 20
optimizer : adam
loss_type : mse
device : cuda:0
n_jobs : 12
prefetch_factor : 4
use_GPU : True
seed : 42
[20604:MainThread](2026-05-05 18:35:24,933) INFO - qlib.CnLSTM - [pytorch_cn_lstm_ts.py:129] - model:
CnLSTMModel(
  (conv): Sequential(
    (0): Conv1d(158, 256, kernel_size=(3,), stride=(1,), padding=(1,))
    (1): ReLU()
    (2): Dropout(p=0.1, inplace=False)
    (3): Conv1d(256, 256, kernel_size=(3,), stride=(1,), padding=(1,))
    (4): ReLU()
  )
  (rnn): LSTM(256, 256, num_layers=3, batch_first=True, dropout=0.1)
  (fc_out): Linear(in_features=256, out_features=1, bias=True)
)
[20604:MainThread](2026-05-05 18:35:24,934) INFO - qlib.CnLSTM - [pytorch_cn_lstm_ts.py:130] - model size: 1.8098 MB
[20604:MainThread](2026-05-05 18:37:59,149) INFO - qlib.timer - [log.py:127] - Time cost: 153.025s | Loading data Done
[20604:MainThread](2026-05-05 18:37:59,796) INFO - qlib.timer - [log.py:127] - Time cost: 0.230s | DropnaLabel Done
[20604:MainThread](2026-05-05 18:38:01,562) INFO - qlib.timer - [log.py:127] - Time cost: 1.766s | CSZScoreNorm Done
[20604:MainThread](2026-05-05 18:38:01,613) INFO - qlib.timer - [log.py:127] - Time cost: 2.464s | fit & process data Done
[20604:MainThread](2026-05-05 18:38:01,613) INFO - qlib.timer - [log.py:127] - Time cost: 155.489s | Init data Done
[20604:MainThread](2026-05-05 18:38:01,639) WARNING - qlib.utils - [__init__.py:849] - The parameter `reweighter` with value `None` is ignored.
[20604:MainThread](2026-05-05 18:38:01,640) INFO - qlib.TreeCnLstmRLModel - [tree_cn_lstm_rl.py:61] - Training tree and CnLSTM sub-models in parallel.
[20604:ThreadPoolExecutor-0_1](2026-05-05 18:38:07,243) INFO - qlib.CnLSTM - [pytorch_cn_lstm_ts.py:243] - training...
[20604:ThreadPoolExecutor-0_1](2026-05-05 18:38:07,245) INFO - qlib.CnLSTM - [pytorch_cn_lstm_ts.py:247] - Epoch0:
[20604:ThreadPoolExecutor-0_1](2026-05-05 18:38:07,247) INFO - qlib.CnLSTM - [pytorch_cn_lstm_ts.py:248] - training...
[20604:ThreadPoolExecutor-0_1](2026-05-05 18:39:32,328) INFO - qlib.CnLSTM - [pytorch_cn_lstm_ts.py:250] - evaluating...
Traceback (most recent call last):
  File "<string>", line 1, in <module>
  File "C:\Users\15728\AppData\Local\Programs\Python\Python312\Lib\multiprocessing\spawn.py", line 122, in spawn_main
    exitcode = _main(fd, parent_sentinel)
               ^^^^^^^^^^^^^^^^^^^^^^^^^^
  File "C:\Users\15728\AppData\Local\Programs\Python\Python312\Lib\multiprocessing\spawn.py", line 132, in _main
    self = reduction.pickle.load(from_parent)
           ^^^^^^^^^^^^^^^^^^^^^^^^^^^^^^^^^^
  File "C:\Users\15728\Desktop\Quant-Master-Research\.venv\Lib\site-packages\torch\__init__.py", line 285, in <module>
    _load_dll_libraries()
  File "C:\Users\15728\Desktop\Quant-Master-Research\.venv\Lib\site-packages\torch\__init__.py", line 268, in _load_dll_libraries
    raise err
OSError: [WinError 1455] 页面文件太小，无法完成操作。 Error loading "C:\Users\15728\Desktop\Quant-Master-Research\.venv\Lib\site-packages\torch\lib\cublas64_13.dll" or one of its dependencies.
