
> dev
> vite --host 0.0.0.0 --port 5173


  VITE v6.4.2  ready in 515 ms

  ➜  Local:   http://localhost:5173/
  ➜  Network: http://10.115.37.23:5173/
18:27:54 [vite] (client) hmr update /src/views/ModelLab.vue, /src/style.css
18:28:08 [vite] (client) hmr update /@fs/C:\Users\15728\Desktop\Quant-Master-Research\ui\src\views\model-lab\OptimalModel.vue, /src/style.css
18:32:13 [vite] (client) hmr update /@fs/C:\Users\15728\Desktop\Quant-Master-Research\ui\src\views\model-lab\OptimalModel.vue, /src/style.css
18:51:00 [vite] (client) hmr update /src/views/ModelLab.vue, /src/style.css
18:51:23 [vite] (client) hmr update /src/views/ModelLab.vue, /src/style.css
18:51:28 [vite] (client) hmr update /@fs/C:\Users\15728\Desktop\Quant-Master-Research\ui\src\views\model-lab\OptimalModel.vue, /src/style.css
18:52:32 [vite] (client) page reload server/handlers/model_lab.py
18:52:55 [vite] (client) page reload server/routes.py
18:53:02 [vite] (client) page reload src/views/model-lab/OptimalModel.vue
18:54:32 [vite] (client) hmr update /src/views/ModelLab.vue, /src/style.css
18:54:43 [vite] (client) hmr update /src/style.css
18:55:33 [vite] (client) hmr update /src/style.css
18:56:09 [vite] (client) hmr update /@fs/C:\Users\15728\Desktop\Quant-Master-Research\ui\src\views\model-lab\OptimalModel.vue, /src/style.css
18:57:00 [vite] (client) page reload src/router/index.js
18:57:00 [vite] (client) page reload server/routes.py
18:57:00 [vite] (client) hmr update /@fs/C:\Users\15728\Desktop\Quant-Master-Research\ui\src\views\model-lab\OptimalModel.vue, /src/style.css
18:57:00 [vite] (client) hmr update /src/components/Sidebar.vue, /src/style.css
18:57:00 [vite] (client) hmr update /src/components/HeaderBar.vue, /src/style.css
18:57:00 [vite] (client) hmr update /src/views/ModelLab.vue, /src/style.css
18:59:41 [vite] (client) page reload server/routes.py
19:00:28 [vite] (client) page reload .server-pid
19:05:59 [vite] (client) page reload src/router/index.js
19:05:59 [vite] (client) hmr update /src/style.css, /src/views/Overview.vue, /src/views/Pipeline.vue, /src/views/Browser.vue, /src/views/Backtest.vue, /src/views/StockSelection.vue, /src/views/ModelPerformance.vue, /src/views/Portfolio.vue, /src/views/Optimizer.vue, /src/views/Attribution.vue, /src/views/LiveTrading.vue, /src/views/ModelLab.vue
19:05:59 [vite] (client) page reload server/routes.py
19:05:59 [vite] (client) hmr update /src/components/HeaderBar.vue, /src/style.css
19:05:59 [vite] (client) hmr update /src/components/Sidebar.vue, /src/style.css
19:06:13 [vite] (client) page reload src/router/index.js
19:06:39 [vite] (client) hmr update /src/views/ModelLab.vue, /src/style.css
19:09:04 [vite] (client) hmr update /@fs/C:\Users\15728\Desktop\Quant-Master-Research\ui\src\views\model-lab\OptimalModel.vue, /src/style.css
19:09:25 [vite] (client) hmr update /src/components/HeaderBar.vue, /src/style.css
19:09:54 [vite] (client) hmr update /src/style.css, /src/views/Overview.vue, /src/views/Pipeline.vue, /src/views/Browser.vue, /src/views/Backtest.vue, /src/views/StockSelection.vue, /src/views/ModelPerformance.vue, /src/views/Portfolio.vue, /src/views/Optimizer.vue, /src/views/Attribution.vue, /src/views/LiveTrading.vue, /src/views/ModelLab.vue
19:12:07 [vite] (client) hmr update /src/style.css
19:12:54 [vite] (client) hmr update /@fs/C:\Users\15728\Desktop\Quant-Master-Research\ui\src\views\model-lab\BacktestChart.vue, /src/style.css
19:12:54 [vite] (client) hmr update /@fs/C:\Users\15728\Desktop\Quant-Master-Research\ui\src\views\model-lab\ModelCard.vue, /src/style.css
19:12:54 [vite] (client) hmr update /@fs/C:\Users\15728\Desktop\Quant-Master-Research\ui\src\views\model-lab\RegimeAnalysis.vue, /src/style.css
19:12:54 [vite] (client) hmr update /@fs/C:\Users\15728\Desktop\Quant-Master-Research\ui\src\views\model-lab\ResultsMetrics.vue, /src/style.css
19:12:54 [vite] (client) hmr update /@fs/C:\Users\15728\Desktop\Quant-Master-Research\ui\src\views\model-lab\RunHistory.vue, /src/style.css
19:15:18 [vite] (client) page reload server/routes.py
19:18:19 [vite] (client) hmr update /src/style.css
20:37:36 [vite] (client) hmr update /src/views/ModelLab.vue, /src/style.css
20:37:36 [vite] (client) hmr update /src/views/Backtest.vue, /src/style.css
20:37:36 [vite] (client) hmr update /src/views/Attribution.vue, /src/style.css
20:37:36 [vite] (client) hmr update /src/views/LiveTrading.vue, /src/style.css
20:37:36 [vite] (client) hmr update /src/views/ModelPerformance.vue, /src/style.css
20:37:36 [vite] (client) hmr update /src/views/Optimizer.vue, /src/style.css
20:37:36 [vite] (client) hmr update /src/views/Portfolio.vue, /src/style.css
20:37:36 [vite] (client) hmr update /src/views/StockSelection.vue, /src/style.css
20:37:42 [vite] (client) hmr update /@fs/C:\Users\15728\Desktop\Quant-Master-Research\ui\src\views\model-lab\OptimalModel.vue, /src/style.css
20:37:51 [vite] (client) page reload server/handlers/model_lab.py
20:37:51 [vite] (client) page reload server/handlers/model_train.py
20:37:51 [vite] (client) page reload server/stock_select.py
20:37:51 [vite] (client) page reload models.yaml
20:38:11 [vite] (client) page reload src/router/index.js
20:38:44 [vite] (client) hmr update /src/components/Sidebar.vue, /src/style.css
20:38:59 [vite] (client) hmr update /src/views/Overview.vue, /src/style.css
20:39:09 [vite] (client) page reload server/routes.py
20:39:21 [vite] (client) page reload server/handlers/analysis.py
20:39:32 [vite] (client) hmr update /src/style.css
20:39:45 [vite] (client) hmr update /src/style.css
20:40:50 [vite] (client) page reload server/routes.py
20:41:00 [vite] (client) page reload server/handlers/static.py
20:41:00 [vite] (client) page reload server/model_catalog.py
20:41:13 [vite] (client) page reload server/tests/test_endpoints_static.py
20:41:26 [vite] (client) page reload server/app.py
20:41:50 [vite] (client) page reload server/tests/conftest.py
20:41:56 [vite] (client) page reload server/tests/test_endpoints_async.py
20:46:54 [vite] (client) page reload .server-pid
